ffmpeg version 8.1.2-full_build-www.gyan.dev Copyright (c) 2000-2026 the FFmpeg developers
  built with gcc 16.1.0 (Rev2, Built by MSYS2 project)
  configuration: --enable-gpl --enable-version3 --enable-static --disable-w32threads --disable-autodetect --enable-cairo --enable-fontconfig --enable-iconv --enable-gnutls --enable-lcms2 --enable-libxml2 --enable-gmp --enable-bzlib --enable-lzma --enable-libsnappy --enable-zlib --enable-librist --enable-libsrt --enable-libssh --enable-libzmq --enable-avisynth --enable-libbluray --enable-libcaca --enable-libdvdnav --enable-libdvdread --enable-sdl2 --enable-libaribb24 --enable-libaribcaption --enable-libdav1d --enable-libdavs2 --enable-libopenjpeg --enable-libquirc --enable-libuavs3d --enable-libxevd --enable-libzvbi --enable-liboapv --enable-libqrencode --enable-librav1e --enable-libsvtav1 --enable-libvvenc --enable-libwebp --enable-libx264 --enable-libx265 --enable-libxavs2 --enable-libxeve --enable-libxvid --enable-libaom --enable-libjxl --enable-libsvtjpegxs --enable-libvpx --enable-mediafoundation --enable-libass --enable-frei0r --enable-libfreetype --enable-libfribidi --enable-libharfbuzz --enable-liblensfun --enable-libvidstab --enable-libvmaf --enable-libzimg --enable-amf --enable-cuda-llvm --enable-cuvid --enable-dxva2 --enable-d3d11va --enable-d3d12va --enable-ffnvcodec --enable-libvpl --enable-nvdec --enable-nvenc --enable-vaapi --enable-libshaderc --enable-vulkan --enable-libplacebo --enable-opencl --enable-libcdio --enable-openal --enable-libgme --enable-libmodplug --enable-libopenmpt --enable-libopencore-amrwb --enable-libmp3lame --enable-libshine --enable-libtheora --enable-libtwolame --enable-libvo-amrwbenc --enable-libcodec2 --enable-libilbc --enable-libgsm --enable-liblc3 --enable-libopencore-amrnb --enable-libopus --enable-libspeex --enable-libvorbis --enable-ladspa --enable-libbs2b --enable-libflite --enable-libmysofa --enable-librubberband --enable-libsoxr --enable-chromaprint --enable-whisper
  libavutil      60. 26.102 / 60. 26.102
  libavcodec     62. 28.102 / 62. 28.102
  libavformat    62. 12.102 / 62. 12.102
  libavdevice    62.  3.102 / 62.  3.102
  libavfilter    11. 14.102 / 11. 14.102
  libswscale      9.  5.102 /  9.  5.102
  libswresample   6.  3.102 /  6.  3.102
Input #0, mov,mp4,m4a,3gp,3g2,mj2, from 'C:/Users/aya28/Downloads/aya_womens_clinic__2025-11-24T134605.000Z (1).mp4':
  Metadata:
    major_brand     : isom
    minor_version   : 512
    compatible_brands: isomiso2avc1mp41
  Duration: 01:24:42.16, start: 0.000000, bitrate: 546 kb/s
  Stream #0:0[0x1](und): Video: h264 (Main) (avc1 / 0x31637661), yuv420p(tv, bt709, progressive), 432x768, 496 kb/s, 29.99 fps, 30 tbr, 16k tbn (default)
    Metadata:
      handler_name    : VideoHandler
  Stream #0:1[0x2](und): Audio: aac (HE-AAC) (mp4a / 0x6134706D), 44100 Hz, stereo, fltp, 41 kb/s, start 0.008005 (default)
    Metadata:
      handler_name    : SoundHandler
Stream mapping:
  Stream #0:0 -> #0:0 (h264 (native) -> h264 (libx264))
  Stream #0:1 -> #0:1 (aac (native) -> aac (native))
Press [q] to stop, [?] for help
[libx264 @ 00000219178c0300] using SAR=3131/3129
[libx264 @ 00000219178c0300] using cpu capabilities: MMX2 SSE2Fast SSSE3 SSE4.2 AVX FMA3 BMI2 AVX2
[libx264 @ 00000219178c0300] profile High, level 3.0, 4:2:0, 8-bit
[libx264 @ 00000219178c0300] 264 - core 165 r3223 0480cb0 - H.264/MPEG-4 AVC codec - Copyleft 2003-2025 - http://www.videolan.org/x264.html - options: cabac=1 ref=1 deblock=1:0:0 analyse=0x3:0x113 me=hex subme=2 psy=1 psy_rd=1.00:0.00 mixed_ref=0 me_range=16 chroma_me=1 trellis=0 8x8dct=1 cqm=0 deadzone=21,11 fast_pskip=1 chroma_qp_offset=0 threads=18 lookahead_threads=6 sliced_threads=0 nr=0 decimate=1 interlaced=0 bluray_compat=0 constrained_intra=0 bframes=3 b_pyramid=2 b_adapt=1 b_bias=0 direct=1 weightb=1 open_gop=0 weightp=1 keyint=250 keyint_min=25 scenecut=40 intra_refresh=0 rc_lookahead=10 rc=crf mbtree=1 crf=23.0 qcomp=0.60 qpmin=0 qpmax=69 qpstep=4 ip_ratio=1.40 aq=1:1.00
Output #0, mp4, to 'case-study-01.mp4':
  Metadata:
    major_brand     : isom
    minor_version   : 512
    compatible_brands: isomiso2avc1mp41
    encoder         : Lavf62.12.102
  Stream #0:0(und): Video: h264 (avc1 / 0x31637661), yuv420p(tv, bt709, progressive), 432x768 [SAR 3131:3129 DAR 9393:16688], q=2-31, 30 fps, 15360 tbn (default)
    Metadata:
      encoder         : Lavc62.28.102 libx264
      handler_name    : VideoHandler
    Side data:
      CPB properties: bitrate max/min/avg: 0/0/0 buffer size: 0 vbv_delay: N/A
  Stream #0:1(und): Audio: aac (LC) (mp4a / 0x6134706D), 44100 Hz, stereo, fltp, 128 kb/s (default)
    Metadata:
      encoder         : Lavc62.28.102 aac
      handler_name    : SoundHandler
frame=  269 fps=0.0 q=29.0 size=     512KiB time=00:00:08.90 bitrate= 471.3kbits/s speed=17.1x elapsed=0:00:00.52    frame=  507 fps=488 q=29.0 size=    1280KiB time=00:00:16.83 bitrate= 622.9kbits/s speed=16.2x elapsed=0:00:01.03    frame=  795 fps=511 q=29.0 size=    2048KiB time=00:00:26.43 bitrate= 634.7kbits/s speed=  17x elapsed=0:00:01.55    frame= 1073 fps=518 q=29.0 size=    2560KiB time=00:00:35.70 bitrate= 587.4kbits/s speed=17.2x elapsed=0:00:02.07    [mp4 @ 00000219178a9500] Starting second pass: moving the moov atom to the beginning of the file
[out#0/mp4 @ 0000021915734b00] video:2383KiB audio:608KiB subtitle:0KiB other streams:0KiB global headers:0KiB muxing overhead: 1.544241%
frame= 1171 fps=528 q=-1.0 Lsize=    3037KiB time=00:00:38.96 bitrate= 638.5kbits/s speed=17.6x elapsed=0:00:02.21    
[libx264 @ 00000219178c0300] frame I:5     Avg QP:21.30  size: 23631
[libx264 @ 00000219178c0300] frame P:357   Avg QP:24.47  size:  4727
[libx264 @ 00000219178c0300] frame B:809   Avg QP:28.29  size:   783
[libx264 @ 00000219178c0300] consecutive B-frames:  1.0% 15.9% 14.1% 69.0%
[libx264 @ 00000219178c0300] mb I  I16..4:  9.0% 43.0% 48.0%
[libx264 @ 00000219178c0300] mb P  I16..4:  3.2%  8.1%  1.6%  P16..4: 24.2% 13.0%  6.3%  0.0%  0.0%    skip:43.6%
[libx264 @ 00000219178c0300] mb B  I16..4:  0.4%  0.5%  0.1%  B16..8: 12.2%  3.8%  0.3%  direct: 1.7%  skip:80.9%  L0:37.4% L1:49.5% BI:13.1%
[libx264 @ 00000219178c0300] 8x8 transform intra:60.1% inter:23.4%
[libx264 @ 00000219178c0300] coded y,uvDC,uvAC intra: 51.2% 51.6% 5.6% inter: 4.4% 3.4% 0.0%
[libx264 @ 00000219178c0300] i16 v,h,dc,p: 40% 23% 24% 13%
[libx264 @ 00000219178c0300] i8 v,h,dc,ddl,ddr,vr,hd,vl,hu: 42% 14% 18%  3%  4%  5%  3%  6%  3%
[libx264 @ 00000219178c0300] i4 v,h,dc,ddl,ddr,vr,hd,vl,hu: 29% 19% 14%  6%  8%  7%  6%  7%  5%
[libx264 @ 00000219178c0300] i8c dc,h,v,p: 51% 15% 29%  5%
[libx264 @ 00000219178c0300] Weighted P-Frames: Y:0.3% UV:0.0%
[libx264 @ 00000219178c0300] kb/s:499.89
[aac @ 0000021917684040] Qavg: 596.193
